root@hanul-virtual-machine:~# # apt-get install git
root@hanul-virtual-machine:~# apt-get install git
패키지 목록을 읽는 중입니다... 완료
의존성 트리를 만드는 중입니다... 완료
상태 정보를 읽는 중입니다... 완료        
다음의 추가 패키지가 설치될 것입니다 :
  git-man liberror-perl
제안하는 패키지:
  git-daemon-run | git-daemon-sysvinit git-doc git-el git-email git-gui gitk
  gitweb git-cvs git-mediawiki git-svn
다음 새 패키지를 설치할 것입니다:
  git git-man liberror-perl
0개 업그레이드, 3개 새로 설치, 0개 제거 및 0개 업그레이드 안 함.
4,720 k바이트 아카이브를 받아야 합니다.
이 작업 후 33.8 M바이트의 디스크 공간을 더 사용하게 됩니다.
계속 하시겠습니까? [Y/n] y
받기:1 http://mirror.kakao.com/ubuntu bionic/main amd64 liberror-perl all 0.17025-1 [22.8 kB]
받기:2 http://mirror.kakao.com/ubuntu bionic/main amd64 git-man all 1:2.17.0-1ubuntu1 [803 kB]
받기:3 http://mirror.kakao.com/ubuntu bionic/main amd64 git amd64 1:2.17.0-1ubuntu1 [3,894 kB]
내려받기 4,720 k바이트, 소요시간 0초 (9,601 k바이트/초)
Selecting previously unselected package liberror-perl.
(데이터베이스 읽는중 ...현재 202090개의 파일과 디렉터리가 설치되어 있습니다.)
Preparing to unpack .../liberror-perl_0.17025-1_all.deb ...
Unpacking liberror-perl (0.17025-1) ...
Selecting previously unselected package git-man.
Preparing to unpack .../git-man_1%3a2.17.0-1ubuntu1_all.deb ...
Unpacking git-man (1:2.17.0-1ubuntu1) ...
Selecting previously unselected package git.
Preparing to unpack .../git_1%3a2.17.0-1ubuntu1_amd64.deb ...
Unpacking git (1:2.17.0-1ubuntu1) ...
liberror-perl (0.17025-1) 설정하는 중입니다 ...
git-man (1:2.17.0-1ubuntu1) 설정하는 중입니다 ...
git (1:2.17.0-1ubuntu1) 설정하는 중입니다 ...
Processing triggers for man-db (2.10.2-1) ...
root@hanul-virtual-machine:~# add-apt-repository ppa:git-core/ppa
PPA publishes dbgsym, you may need to include 'main/debug' component
저장소: 'deb https://ppa.launchpadcontent.net/git-core/ppa/ubuntu/ jammy main'
설명:
The most current stable version of Git for Ubuntu.

For release candidates, go to https://launchpad.net/~git-core/+archive/candidate .
자세한 정보: https://launchpad.net/~git-core/+archive/ubuntu/ppa
저장소 추가하는 중.
계속하려면 [ENTER]를 누르고, 취소하려면 Ctrl-c를 누르시오.
Adding deb entry to /etc/apt/sources.list.d/git-core-ubuntu-ppa-jammy.list
Adding disabled deb-src entry to /etc/apt/sources.list.d/git-core-ubuntu-ppa-jammy.list
Adding key to /etc/apt/trusted.gpg.d/git-core-ubuntu-ppa.gpg with fingerprint E1DD270288B4E6030699E45FA1715D88E1DF1F24
기존:1 http://mirror.kakao.com/ubuntu bionic InRelease                         
받기:2 https://dl.google.com/linux/chrome/deb stable InRelease [1,825 B]       
받기:3 https://dl.google.com/linux/chrome/deb stable/main amd64 Packages [1,079 B]
기존:4 http://kr.archive.ubuntu.com/ubuntu bionic InRelease                    
받기:5 https://ppa.launchpadcontent.net/git-core/ppa/ubuntu jammy InRelease [23.8 kB]
받기:6 https://ppa.launchpadcontent.net/git-core/ppa/ubuntu jammy/main amd64 Packages [2,832 B]
받기:7 https://ppa.launchpadcontent.net/git-core/ppa/ubuntu jammy/main i386 Packages [2,828 B]
받기:8 https://ppa.launchpadcontent.net/git-core/ppa/ubuntu jammy/main Translation-en [2,088 B]
내려받기 34.5 k바이트, 소요시간 5초 (7,315 바이트/초)
패키지 목록을 읽는 중입니다... 완료
W: http://ftp.daumkakao.com/ubuntu/dists/bionic/InRelease: Key is stored in legacy trusted.gpg keyring (/etc/apt/trusted.gpg), see the DEPRECATION section in apt-key(8) for details.
W: http://kr.archive.ubuntu.com/ubuntu/dists/bionic/InRelease: Key is stored in legacy trusted.gpg keyring (/etc/apt/trusted.gpg), see the DEPRECATION section in apt-key(8) for details.
root@hanul-virtual-machine:~# apt update; apt install git
기존:1 http://mirror.kakao.com/ubuntu bionic InRelease 
기존:2 https://dl.google.com/linux/chrome/deb stable InRelease                 
기존:3 http://kr.archive.ubuntu.com/ubuntu bionic InRelease                    
기존:4 https://ppa.launchpadcontent.net/git-core/ppa/ubuntu jammy InRelease    
패키지 목록을 읽는 중입니다... 완료     
의존성 트리를 만드는 중입니다... 완료
상태 정보를 읽는 중입니다... 완료        
2 패키지를 업그레이드할 수 있습니다. 확인하려면 'apt list --upgradable'를 실행하십시오.
W: http://ftp.daumkakao.com/ubuntu/dists/bionic/InRelease: Key is stored in legacy trusted.gpg keyring (/etc/apt/trusted.gpg), see the DEPRECATION section in apt-key(8) for details.
W: http://kr.archive.ubuntu.com/ubuntu/dists/bionic/InRelease: Key is stored in legacy trusted.gpg keyring (/etc/apt/trusted.gpg), see the DEPRECATION section in apt-key(8) for details.
패키지 목록을 읽는 중입니다... 완료
의존성 트리를 만드는 중입니다... 완료
상태 정보를 읽는 중입니다... 완료        
다음의 추가 패키지가 설치될 것입니다 :
  git-man
제안하는 패키지:
  git-daemon-run | git-daemon-sysvinit git-doc git-email git-gui gitk gitweb
  git-cvs git-mediawiki git-svn
다음 패키지를 업그레이드할 것입니다:
  git git-man
2개 업그레이드, 0개 새로 설치, 0개 제거 및 0개 업그레이드 안 함.
8,321 k바이트 아카이브를 받아야 합니다.
이 작업 후 1,361 k바이트의 디스크 공간이 비워집니다.
계속 하시겠습니까? [Y/n] y\
받기:1 https://ppa.launchpadcontent.net/git-core/ppa/ubuntu jammy/main amd64 git amd64 1:2.40.1-0ppa1~ubuntu22.04.1 [6,221 kB]
받기:2 https://ppa.launchpadcontent.net/git-core/ppa/ubuntu jammy/main amd64 git-man all 1:2.40.1-0ppa1~ubuntu22.04.1 [2,100 kB]
내려받기 8,321 k바이트, 소요시간 13초 (660 k바이트/초)                         
(데이터베이스 읽는중 ...현재 202991개의 파일과 디렉터리가 설치되어 있습니다.)
Preparing to unpack .../git_1%3a2.40.1-0ppa1~ubuntu22.04.1_amd64.deb ...
Unpacking git (1:2.40.1-0ppa1~ubuntu22.04.1) over (1:2.17.0-1ubuntu1) ...
Preparing to unpack .../git-man_1%3a2.40.1-0ppa1~ubuntu22.04.1_all.deb ...
Unpacking git-man (1:2.40.1-0ppa1~ubuntu22.04.1) over (1:2.17.0-1ubuntu1) ...
git-man (1:2.40.1-0ppa1~ubuntu22.04.1) 설정하는 중입니다 ...
git (1:2.40.1-0ppa1~ubuntu22.04.1) 설정하는 중입니다 ...
Processing triggers for man-db (2.10.2-1) ...
root@hanul-virtual-machine:~# pacman -S git~
명령어 'pacman' 을(를) 찾을 수 없습니다. 그러나 다음을 통해 설치할 수 있습니다:
apt install pacman
root@hanul-virtual-machine:~# pacman -S git
명령어 'pacman' 을(를) 찾을 수 없습니다. 그러나 다음을 통해 설치할 수 있습니다:
apt install pacman
root@hanul-virtual-machine:~# apt install git
패키지 목록을 읽는 중입니다... 완료
의존성 트리를 만드는 중입니다... 완료
상태 정보를 읽는 중입니다... 완료        
패키지 git는 이미 최신 버전입니다 (1:2.40.1-0ppa1~ubuntu22.04.1).
0개 업그레이드, 0개 새로 설치, 0개 제거 및 0개 업그레이드 안 함.
root@hanul-virtual-machine:~# apt update
기존:1 http://mirror.kakao.com/ubuntu bionic InRelease 
기존:2 https://dl.google.com/linux/chrome/deb stable InRelease                 
기존:3 http://kr.archive.ubuntu.com/ubuntu bionic InRelease                    
기존:4 https://ppa.launchpadcontent.net/git-core/ppa/ubuntu jammy InRelease    
패키지 목록을 읽는 중입니다... 완료                                   
의존성 트리를 만드는 중입니다... 완료
상태 정보를 읽는 중입니다... 완료        
모든 패키지가 최신입니다.
W: http://ftp.daumkakao.com/ubuntu/dists/bionic/InRelease: Key is stored in legacy trusted.gpg keyring (/etc/apt/trusted.gpg), see the DEPRECATION section in apt-key(8) for details.
W: http://kr.archive.ubuntu.com/ubuntu/dists/bionic/InRelease: Key is stored in legacy trusted.gpg keyring (/etc/apt/trusted.gpg), see the DEPRECATION section in apt-key(8) for details.
root@hanul-virtual-machine:~# apt install git
패키지 목록을 읽는 중입니다... 완료
의존성 트리를 만드는 중입니다... 완료
상태 정보를 읽는 중입니다... 완료        
패키지 git는 이미 최신 버전입니다 (1:2.40.1-0ppa1~ubuntu22.04.1).
0개 업그레이드, 0개 새로 설치, 0개 제거 및 0개 업그레이드 안 함.
root@hanul-virtual-machine:~# git init
힌트: Using 'master' as the name for the initial branch. This default branch name
힌트: is subject to change. To configure the initial branch name to use in all
힌트: of your new repositories, which will suppress this warning, call:
힌트: 
힌트: 	git config --global init.defaultBranch <name>
힌트: 
힌트: Names commonly chosen instead of 'master' are 'main', 'trunk' and
힌트: 'development'. The just-created branch can be renamed via this command:
힌트: 
힌트: 	git branch -m <name>
/root/.git/ 안의 빈 깃 저장소를 다시 초기화했습니다
root@hanul-virtual-machine:~# git add README.md
fatal: 'README.md' 경로명세가 어떤 파일과도 일치하지 않습니다
root@hanul-virtual-machine:~# git commit -m "first commit"
Author identity unknown

*** 내가 누구인지 설정하십시오.

다음을 실행하면,

  git config --global user.email "you@example.com"
  git config --global user.name "내 이름"

계정의 기본 신원 정보를 설정합니다.
--global 옵션을 빼면 이 저장소서만 신원 정보를 설정합니다.

fatal: 메일 주소를 자동 검사할 수 없습니다 ('root@hanul-virtual-machine.(none)' 찾음)
root@hanul-virtual-machine:~# git config --global user.email "gksdnf0455@naver.com"
root@hanul-virtual-machine:~# git config --global user.name "gksdnf0455"
root@hanul-virtual-machine:~# git --version
git version 2.40.1
root@hanul-virtual-machine:~# mkdir ~/mygit
root@hanul-virtual-machine:~# cd /mygit
bash: cd: /mygit: 그런 파일이나 디렉터리가 없습니다
root@hanul-virtual-machine:~# cd mygit
root@hanul-virtual-machine:~/mygit# git init
힌트: Using 'master' as the name for the initial branch. This default branch name
힌트: is subject to change. To configure the initial branch name to use in all
힌트: of your new repositories, which will suppress this warning, call:
힌트: 
힌트: 	git config --global init.defaultBranch <name>
힌트: 
힌트: Names commonly chosen instead of 'master' are 'main', 'trunk' and
힌트: 'development'. The just-created branch can be renamed via this command:
힌트: 
힌트: 	git branch -m <name>
/root/mygit/.git/ 안의 빈 깃 저장소를 다시 초기화했습니다
root@hanul-virtual-machine:~/mygit# it status
it: 명령을 찾을 수 없습니다
root@hanul-virtual-machine:~/mygit# git status
현재 브랜치 master

아직 커밋이 없습니다

추적하지 않는 파일:
  (커밋할 사항에 포함하려면 "git add <파일>..."을 사용하십시오)
	0509
	0516
	"\352\271\203\355\227\210\353\270\214"
	"\352\271\203\355\227\210\353\270\2141"
	"\352\271\203\355\227\210\353\270\2142"
	"\352\271\203\355\227\210\353\270\2143"

커밋할 사항을 추가하지 않았지만 추적하지 않는 파일이 있습니다 (추적하려면 "git
add"를 사용하십시오)
root@hanul-virtual-machine:~/mygit# git add 0516.txt
fatal: '0516.txt' 경로명세가 어떤 파일과도 일치하지 않습니다
root@hanul-virtual-machine:~/mygit# cd
root@hanul-virtual-machine:~# cd mygit
root@hanul-virtual-machine:~/mygit# ls
0509  0516  깃허브  깃허브1  깃허브2  깃허브3
root@hanul-virtual-machine:~/mygit# git add 0516
root@hanul-virtual-machine:~/mygit# git status
현재 브랜치 master

아직 커밋이 없습니다

커밋할 변경 사항:
  (스테이지 해제하려면 "git rm --cached <파일>..."을 사용하십시오)
	새 파일:       0516

추적하지 않는 파일:
  (커밋할 사항에 포함하려면 "git add <파일>..."을 사용하십시오)
	0509
	"\352\271\203\355\227\210\353\270\214"
	"\352\271\203\355\227\210\353\270\2141"
	"\352\271\203\355\227\210\353\270\2142"
	"\352\271\203\355\227\210\353\270\2143"

root@hanul-virtual-machine:~/mygit# git remote add origin https://github.com/gksdnf0455/0516_linux.gcd
root@hanul-virtual-machine:~/mygit# cd
root@hanul-virtual-machine:~# cd
root@hanul-virtual-machine:~# git remote add origin https://github.com/gksdnf0455/0516_linux.git
root@hanul-virtual-machine:~# git branch -M main
root@hanul-virtual-machine:~# git push -u origin main
error: src refspec main does not match any
error: 레퍼런스를 'https://github.com/gksdnf0455/0516_linux.git'에 푸시하는데 실패했습니다
root@hanul-virtual-machine:~# git push -u origin main
error: src refspec main does not match any
error: 레퍼런스를 'https://github.com/gksdnf0455/0516_linux.git'에 푸시하는데 실패했습니다
root@hanul-virtual-machine:~# cd 0516_linux
root@hanul-virtual-machine:~/0516_linux# git push -u origin main
error: src refspec main does not match any
error: 레퍼런스를 'https://github.com/gksdnf0455/0516_linux.gcd'에 푸시하는데 실패했습니다
root@hanul-virtual-machine:~/0516_linux# git branch -M main
root@hanul-virtual-machine:~/0516_linux# git push -u origin main
error: src refspec main does not match any
error: 레퍼런스를 'https://github.com/gksdnf0455/0516_linux.gcd'에 푸시하는데 실패했습니다
root@hanul-virtual-machine:~/0516_linux# git remote add origin https://github.com/gksdnf0455/0516_linux.git
error: origin 리모트가 이미 있습니다.
root@hanul-virtual-machine:~/0516_linux# git branch -M main
root@hanul-virtual-machine:~/0516_linux# git push -u origin main
error: src refspec main does not match any
error: 레퍼런스를 'https://github.com/gksdnf0455/0516_linux.gcd'에 푸시하는데 실패했습니다
root@hanul-virtual-machine:~/0516_linux# dpkg --info
dpkg-deb: 오류: --info 옵션에는 .deb 파일 이름 인수가 필요합니다

*.deb 파일 조작에 관한 도움말을 보려면 dpkg-deb --help를 실행하십시오.
패키지 설치와 설치 해제에 관한 도움말을 보려면 dpkg --help를 실행하십시오.
root@hanul-virtual-machine:~/0516_linux# --info google-chrome-stable_current_amd64.deb
--info: 명령을 찾을 수 없습니다
root@hanul-virtual-machine:~/0516_linux# dpkg --info google-chrome-stable_current_amd64.deb
dpkg-deb: 오류: `google-chrome-stable_current_amd64.deb' 아카이브를 읽는데 실패했습니다: 그런 파일이나 디렉터리가 없습니다
root@hanul-virtual-machine:~/0516_linux# wget https://archive.ubuntu.com/ubuntu/pool/universe/m/mc/mc_4.8.28-1_amd64.deb
--2023-05-16 11:15:56--  https://archive.ubuntu.com/ubuntu/pool/universe/m/mc/mc_4.8.28-1_amd64.deb
archive.ubuntu.com (archive.ubuntu.com) 해석 중... 91.189.91.39, 91.189.91.38, 185.125.190.39, ...
다음으로 연결 중: archive.ubuntu.com (archive.ubuntu.com)|91.189.91.39|:443... 실패: 연결이 거부됨.
다음으로 연결 중: archive.ubuntu.com (archive.ubuntu.com)|91.189.91.38|:443... 실패: 연결이 거부됨.
다음으로 연결 중: archive.ubuntu.com (archive.ubuntu.com)|185.125.190.39|:443... 실패: 연결이 거부됨.
다음으로 연결 중: archive.ubuntu.com (archive.ubuntu.com)|185.125.190.36|:443... 실패: 연결이 거부됨.
다음으로 연결 중: archive.ubuntu.com (archive.ubuntu.com)|2620:2d:4000:1::19|:443... 실패: 네트워크가 접근 불가능합니다.
다음으로 연결 중: archive.ubuntu.com (archive.ubuntu.com)|2001:67c:1562::18|:443... 실패: 네트워크가 접근 불가능합니다.
다음으로 연결 중: archive.ubuntu.com (archive.ubuntu.com)|2620:2d:4000:1::16|:443... 실패: 네트워크가 접근 불가능합니다.
root@hanul-virtual-machine:~/0516_linux# wget http://archive.ubuntu.com/ubuntu/pool/universe/m/mc/mc_4.8.28-1_amd64.deb
--2023-05-16 11:16:20--  http://archive.ubuntu.com/ubuntu/pool/universe/m/mc/mc_4.8.28-1_amd64.deb
archive.ubuntu.com (archive.ubuntu.com) 해석 중... 185.125.190.36, 91.189.91.39, 91.189.91.38, ...
다음으로 연결 중: archive.ubuntu.com (archive.ubuntu.com)|185.125.190.36|:80... 연결했습니다.
HTTP 요청을 보냈습니다. 응답 기다리는 중... 200 OK
길이: 540062 (527K) [application/x-debian-package]
저장 위치: ‘mc_4.8.28-1_amd64.deb’

mc_4.8.28-1_amd64.d 100%[===================>] 527.40K   356KB/s    / 1.5s     

2023-05-16 11:16:22 (356 KB/s) - ‘mc_4.8.28-1_amd64.deb’ 저장함 [540062/540062]

root@hanul-virtual-machine:~/0516_linux# ls
0509  0516  mc_4.8.28-1_amd64.deb  깃허브  깃허브1  깃허브2  깃허브3
root@hanul-virtual-machine:~/0516_linux# cd
root@hanul-virtual-machine:~# wget http://archive.ubuntu.com/ubuntu/pool/universe/m/mc/mc_4.8.28-1_amd64.deb
--2023-05-16 11:17:07--  http://archive.ubuntu.com/ubuntu/pool/universe/m/mc/mc_4.8.28-1_amd64.deb
archive.ubuntu.com (archive.ubuntu.com) 해석 중... 91.189.91.38, 185.125.190.36, 91.189.91.39, ...
다음으로 연결 중: archive.ubuntu.com (archive.ubuntu.com)|91.189.91.38|:80... 연결했습니다.
HTTP 요청을 보냈습니다. 응답 기다리는 중... 200 OK
길이: 540062 (527K) [application/x-debian-package]
저장 위치: ‘mc_4.8.28-1_amd64.deb’

mc_4.8.28-1_amd64.d 100%[===================>] 527.40K   446KB/s    / 1.2s     

2023-05-16 11:17:09 (446 KB/s) - ‘mc_4.8.28-1_amd64.deb’ 저장함 [540062/540062]

root@hanul-virtual-machine:~# wget http://archive.ubuntu.com/ubuntu/pool/universe/n/ncftp/ncftp_
--2023-05-16 11:19:13--  http://archive.ubuntu.com/ubuntu/pool/universe/n/ncftp/ncftp_
archive.ubuntu.com (archive.ubuntu.com) 해석 중... 185.125.190.39, 91.189.91.38, 91.189.91.39, ...
다음으로 연결 중: archive.ubuntu.com (archive.ubuntu.com)|185.125.190.39|:80... 연결했습니다.
HTTP 요청을 보냈습니다. 응답 기다리는 중... 404 Not Found
2023-05-16 11:19:14 오류 404: Not Found.

root@hanul-virtual-machine:~# wget http://archive.ubuntu.com/ubuntu/pool/universe/n/ncftp/ncftp_3.2.6-1_amd64.deb
--2023-05-16 11:19:37--  http://archive.ubuntu.com/ubuntu/pool/universe/n/ncftp/ncftp_3.2.6-1_amd64.deb
archive.ubuntu.com (archive.ubuntu.com) 해석 중... 185.125.190.36, 91.189.91.39, 91.189.91.38, ...
다음으로 연결 중: archive.ubuntu.com (archive.ubuntu.com)|185.125.190.36|:80... 연결했습니다.
HTTP 요청을 보냈습니다. 응답 기다리는 중... 200 OK
길이: 338438 (331K) [application/x-debian-package]
저장 위치: ‘ncftp_3.2.6-1_amd64.deb’

ncftp_3.2.6-1_amd64 100%[===================>] 330.51K   268KB/s    / 1.2s     

2023-05-16 11:19:39 (268 KB/s) - ‘ncftp_3.2.6-1_amd64.deb’ 저장함 [338438/338438]

root@hanul-virtual-machine:~# dpkg -l ncftp
희망상태=알수없음(U)/설치(I)/지우기(R)/깨끗이(P)/고정(H)
| 상태=아님(N)/설치(I)/설정(C)/풀림(U)/절반설정(F)/일부설치(H)/트리거대기(W)/
| /    트리거밀림(T)
|/ 오류?=(없음)/다시설치필요(R) (상태, 오류가 대문자=불량)
||/ 이름           버전         Architecture 설명
+++-==============-============-============-=================================
un  ncftp          <none>       <none>       (설명 없음)
root@hanul-virtual-machine:~# dpkg -l git
희망상태=알수없음(U)/설치(I)/지우기(R)/깨끗이(P)/고정(H)
| 상태=아님(N)/설치(I)/설정(C)/풀림(U)/절반설정(F)/일부설치(H)/트리거대기(W)/
| /    트리거밀림(T)
|/ 오류?=(없음)/다시설치필요(R) (상태, 오류가 대문자=불량)
||/ 이름           버전                         Architecture 설명
+++-==============-============================-============-==================>
ii  git            1:2.40.1-0ppa1~ubuntu22.04.1 amd64        fast, scalable, di>
lines 1-7/7 (END)
root@hanul-virtual-machine:~# 
























희망상태=알수없음(U)/설치(I)/지우기(R)/깨끗이(P)/고정(H)
| 상태=아님(N)/설치(I)/설정(C)/풀림(U)/절반설정(F)/일부설치(H)/트리거대기(W)/
| /    트리거밀림(T)
|/ 오류?=(없음)/다시설치필요(R) (상태, 오류가 대문자=불량)
||/ 이름           버전                         Architecture 설명
+++-==============-============================-============-==================>
ii  git            1:2.40.1-0ppa1~ubuntu22.04.1 amd64        fast, scalable, di>
~
~
~
~
~
~
~
~
~
~
~
~
~
~
~
~
^C
root@hanul-virtual-machine:~# dpkg -i ncftp_3.2.6-1_amd64.dev
dpkg: 오류: cannot access archive 'ncftp_3.2.6-1_amd64.dev': 그런 파일이나 디렉터리가 없습니다
root@hanul-virtual-machine:~# dpkg -i ncftp_3.2.6-1_amd64.deb
Selecting previously unselected package ncftp.
(데이터베이스 읽는중 ...현재 203191개의 파일과 디렉터리가 설치되어 있습니다.)
Preparing to unpack ncftp_3.2.6-1_amd64.deb ...
Unpacking ncftp (2:3.2.6-1) ...
ncftp (2:3.2.6-1) 설정하는 중입니다 ...
update-alternatives: using /usr/bin/ncftp3 to provide /usr/bin/ncftp (ncftp) in auto mode
Processing triggers for man-db (2.10.2-1) ...
root@hanul-virtual-machine:~# dpkg -l ncftp
희망상태=알수없음(U)/설치(I)/지우기(R)/깨끗이(P)/고정(H)
| 상태=아님(N)/설치(I)/설정(C)/풀림(U)/절반설정(F)/일부설치(H)/트리거대기(W)/
| /    트리거밀림(T)
|/ 오류?=(없음)/다시설치필요(R) (상태, 오류가 대문자=불량)
||/ 이름           버전         Architecture 설명
+++-==============-============-============-==================================>
ii  ncftp          2:3.2.6-1    amd64        User-friendly and well-featured FT>
lines 1-7/7 (END)
root@hanul-virtual-machine:~# 
























희망상태=알수없음(U)/설치(I)/지우기(R)/깨끗이(P)/고정(H)
| 상태=아님(N)/설치(I)/설정(C)/풀림(U)/절반설정(F)/일부설치(H)/트리거대기(W)/
| /    트리거밀림(T)
|/ 오류?=(없음)/다시설치필요(R) (상태, 오류가 대문자=불량)
||/ 이름           버전         Architecture 설명
+++-==============-============-============-==================================>
ii  ncftp          2:3.2.6-1    amd64        User-friendly and well-featured FT>
~
~
~
~
~
~
~
~
~
~
~
~
~
~
~
~
^C
root@hanul-virtual-machine:~# ncftp
NcFTP 3.2.6 (Dec 04, 2016) by Mike Gleason (http://www.NcFTP.com/contact/).

Copyright (c) 1992-2016 by Mike Gleason.
All rights reserved.

ncftp> open ftp.ubuntu.com
Connecting to 185.125.190.39...                                                 
FTP server (vsftpd)
Logging in...                                                                   
Login successful.
Logged in to ftp.ubuntu.com.                                                    
ncftp / > ls
cdimage/                  maas-images/              ubuntu/
cloud-images/             old-images/               ubuntu-cloud-archive/
extras/                   releases/                 ubuntu-ports/
lxc-images/               simple-streams/
ncftp / > cd ubuntu
Directory successfully changed.
ncftp /ubuntu > cd pool
Directory successfully changed.
ncftp /ubuntu/pool > ls
main/        multiverse/  restricted/  universe/
ncftp /ubuntu/pool > cd universe
Directory successfully changed.
ncftp /ubuntu/pool/universe > ls
0/     9/     f/     l/     libd/  libj/  libp/  libv/  n/     t/     z/
2/     a/     g/     lib2/  libe/  libk/  libq/  libw/  o/     u/
3/     b/     h/     lib3/  libf/  libl/  libr/  libx/  p/     v/
4/     c/     i/     liba/  libg/  libm/  libs/  liby/  q/     w/
6/     d/     j/     libb/  libh/  libn/  libt/  libz/  r/     x/
7/     e/     k/     libc/  libi/  libo/  libu/  m/     s/     y/
ncftp /ubuntu/pool/universe > cd /n
Could not chdir to /n: server said: Failed to change directory.
ncftp / > cd universe
Could not chdir to universe: server said: Failed to change directory.
ncftp / > ls         
cdimage/                  maas-images/              ubuntu/
cloud-images/             old-images/               ubuntu-cloud-archive/
extras/                   releases/                 ubuntu-ports/
lxc-images/               simple-streams/
ncftp / > cd universe
Could not chdir to universe: server said: Failed to change directory.
ncftp / > cd ncftp 
Could not chdir to ncftp: server said: Failed to change directory.
ncftp / > exit
root@hanul-virtual-machine:~# ncftp
NcFTP 3.2.6 (Dec 04, 2016) by Mike Gleason (http://www.NcFTP.com/contact/).
ncftp> open ftp.ubuntu.com
Connecting to 185.125.190.39...                                                 
FTP server (vsftpd)
Logging in...                                                                   
Login successful.
Logged in to ftp.ubuntu.com.                                                    
ncftp / > ls
cd cdimage/                  maas-images/              ubuntu/
cloud-images/             old-images/               ubuntu-cloud-archive/
extras/                   releases/                 ubuntu-ports/
lxc-images/               simple-streams/
ncftp / > cd ubuntu
Directory successfully changed.
ncftp /ubuntu > ls
cd pdists/     indices/   ls-lR.gz   pool/      project/   ubuntu@
ncftp /ubuntu > cd poo;l
Could not chdir to poo: server said: Failed to change directory.
l: ambiguous command name.
ncftp /ubuntu > cd pool 
Directory successfully changed.
ncftp /ubuntu/pool > ls
main/        multiverse/  restricted/  universe/
ncftp /ubuntu/pool > cd uniberse
Could not chdir to uniberse: server said: Failed to change directory.
ncftp /ubuntu/pool > cd universe
Directory successfully changed.
ncftp /ubuntu/pool/universe > ls
cd0/     9/     f/     l/     libd/  libj/  libp/  libv/  n/     t/     z/
2/     a/     g/     lib2/  libe/  libk/  libq/  libw/  o/     u/
3/     b/     h/     lib3/  libf/  libl/  libr/  libx/  p/     v/
4/     c/     i/     liba/  libg/  libm/  libs/  liby/  q/     w/
6/     d/     j/     libb/  libh/  libn/  libt/  libz/  r/     x/
7/     e/     k/     libc/  libi/  libo/  libu/  m/     s/     y/
ncftp /ubuntu/pool/universe > cd n
Directory successfully changed.
ncftp /ubuntu/pool/universe/n > ls
n2n/
nabi/
nacl/
nadoka/
naev/
naga/
nagcon/
nageru/
nagios-check-xmppng/
nagios-images/
nagios-nrpe/
nagios-plugin-check-multi/
nagios-plugins/
nagios-plugins-contrib/
nagios-plugins-openstack/
nagios-plugins-rabbitmq/
nagios-snmp-plugins/
nagios-tang/
nagios2mantis/
nagios3/
nagios4/
nagiosplugin/
nagircbot/
nagstamon/
nagvis/
nagzilla/
nailgun/
nailgun-agent/
naist-jdic/
nala/
nam/
nama/
namazu2/
namebench/
namecheap/
nano/
nanoblogger/
nanoblogger-extra/
nanoc/
nanofilt/
nanoflann/
nanolyse/
nanomsg/
nanook/
nanopass-framework-scheme/
nanopb/
nanopolish/
nanostat/
nanosv/
nanoweb/
nant/
nap/
napalm-base/
napalm-eos/
napalm-fortios/
napalm-ios/
napalm-iosxr/
napalm-junos/
nas/
nasm/
nasm-mozilla/
naspro-bridge-it/
naspro-bridges/
naspro-core/
nast/
nasty/
nat/
nat-rtsp/
nat-traverse/
natbraille/
natlog/
nats-server/
nats.c/
natsort/
nattable/
naturaldocs/
nautic/
nautilus-actions/
nautilus-admin/
nautilus-compare/
nautilus-filename-repairer/
nautilus-hide/
nautilus-ideviceinfo/
nautilus-image-converter/
nautilus-image-manipulator/
nautilus-open-terminal/
nautilus-pastebin/
nautilus-python/
nautilus-script-manager/
nautilus-scripts-manager/
nautilus-sendto/
nautilus-share/
nautilus-svn-scripts/
nautilus-wipe/
nauty/
navarp/
navi2ch/
navit/
nb2plots/
nbc/
nbclassic/
nbclient/
nbconvert/
nbd/
nbdkit/
nbformat/
nbgitpuller/
nbibtex/
nbsdgames/
nbsphinx/
nbsphinx-link/
nbtscan/
nc6/
ncap/
ncbi-acc-download/
ncbi-blast+/
ncbi-entrez-direct/
ncbi-igblast/
ncbi-seg/
ncbi-tools6/
ncbi-vdb/
ncc/
ncdc/
ncdt/
ncdu/
ncftp/
ncl/
ncmpc/
ncmpcpp/
nco/
ncompress/
ncrack/
ncrypt/
ncrystal/
ncurses/
ncurses-hexedit/
ncview/
nd/
ndctl/
ndcube/
ndesk-dbus/
ndesk-dbus-glib/
ndg-httpsclient/
ndisc6/
ndisgtk/
ndiswrapper/
ndoutils/
ndpi/
ndpmon/
ndppd/
ne/
ne10/
neard/
neartree/
neat/
neatvnc/
nebula/
nec/
nec2c/
necpp/
nedit/
needrestart/
needrestart-session/
neko/
nekobee/
nekohtml/
nemiver/
nemo/
nemo-fileroller/
nemo-python/
neo/
neo-cli/
neobio/
neochat/
neofetch/
neomutt/
neon-2-sse/
neon27/
neopi/
neotoma/
neovim/
neovim-qt/
nepomuk-core/
nepomuk-widgets/
nescc/
nestopia/
net-acct/
net-cpp/
net-dns-fingerprint/
net-luminis-build-plugin/
net-snmp/
net-telnet-cisco/
net6/
netanim/
netatalk/
netavark/
netbeans/
netbeans-cvsclient/
netcat/
netcat-openbsd/
netcdf/
netcdf-cxx/
netcdf-cxx-legacy/
netcdf-fortran/
netcdf-parallel/
netcdf4-python/
netcf/
netcfg/
netconsole/
netctl/
netdata/
netdiag/
netdiscover/
netemul/
netenv/
netexpect/
netgen/
netgen-lvs/
nethack/
nethack-el/
nethack-spoilers/
nethogs/
netifaces/
netio230a/
netkit-bootparamd/
netkit-ftp-ssl/
netkit-ntalk/
netkit-rsh/
netkit-rusers/
netkit-rwall/
netkit-rwho/
netkit-telnet/
netkit-telnet-ssl/
netkit-tftp/
netlabel-tools/
netmask/
netmate/
netmaze/
netmiko/
netmrg/
netopeer2/
netpanzer/
netpbm-free/
netperfmeter/
netpipe/
netpipes/
netplug/
netproc/
netqmail/
netrek-client-cow/
netrik/
netris/
netrw/
netscript-2.4/
netsed/
netsend/
netsniff-ng/
netspeed/
netstat-nat/
netstress/
netsurf/
nettle/
nettoe/
netty/
netty-3.9/
netty-reactive-streams/
netty-tcnative/
netty-tcnative-1.1/
netty3.1/
netw-ib-ox-ag/
network-config/
network-manager/
network-manager-fortisslvpn/
network-manager-iodine/
network-manager-l2tp/
network-manager-openconnect/
network-manager-openvpn/
network-manager-ssh/
network-manager-sstp/
network-manager-strongswan/
network-manager-vpnc/
network-runner/
networking-ansible/
networking-arista/
networking-bagpipe/
networking-baremetal/
networking-bgpvpn/
networking-hyperv/
networking-l2gw/
networking-mlnx/
networking-odl/
networking-ovn/
networking-ovs-dpdk/
networking-sfc/
networkmanager-qt/
networkx/
netxx/
neurodebian/
neuron/
neutron/
neutron-dynamic-routing/
neutron-fwaas/
neutron-fwaas-dashboard/
neutron-ha-tool/
neutron-lbaas/
neutron-lbaas-dashboard/
neutron-taas/
neutron-tempest-plugin/
neutron-vpnaas/
neutron-vpnaas-dashboard/
neverball/
nevow/
newbiedoc/
newlib/
newlisp/
newmail/
newmat/
newpid/
newsbeuter/
newsboat/
newt/
newtonsoft-json/
nextcloud-desktop/
nextcloud-spreed-signaling/
nextepc/
nextpnr/
nexuiz/
nexuiz-data/
nexus/
nezha-boot0/
nfacct/
nfdump/
nfft/
nflog-bindings/
nfoview/
nfqueue-bindings/
nfs-ganesha/
nfs-utils/
nfs4-acl-tools/
nfstrace/
nfswatch/
nftables/
nftlb/
ng/
ng-utils/
nget/
ngetty/
nghttp2/
nghttp3/
nginx/
nginx-confgen/
nginx-mode/
ngircd/
nglister/
ngmlr/
ngorca/
ngraph-gtk/
ngrep/
ngrok/
ngs-sdk/
ngspice/
ngtcp2/
nheko/
nibabel/
niceshaper/
nickle/
nicotine/
nicovideo-dl/
nicstat/
nictools-pci/
nield/
nifti2dicom/
nifticlib/
nik4/
nikola/
nikwi/
nilfs-tools/
nim/
nim-d3/
nim-docopt/
nim-hts/
nim-kexpr/
nim-lapper/
nim-regex/
nim-unicodedb/
nim-unicodeplus/
nini/
ninix-aya/
ninja/
ninja-build/
ninja-ide/
ninka/
ninvaders/
nip2/
nippy-clojure/
nipy/
nipype/
nis/
nitime/
nitpic/
nitrogen/
nitrokey-app/
nitrokey-authenticator/
nitroshare/
nix/
nixnote2/
nixstatsagent/
njam/
njplot/
nkf/
nlinline/
nlkt/
nlme/
nload/
nlohmann-json/
nlohmann-json3/
nlopt/
nltk/
nm-tray/
nmap/
nmapsi4/
nmh/
nml/
nmodl/
nmon/
nmrpflash/
nmzmail/
nn/
nncp/
nng/
nnn/
no-littering-el/
noblenote/
nocache/
nodau/
node/
node-abab/
node-abbrev/
node-absolute-path/
node-abstract-leveldown/
node-accepts/
node-acorn-dynamic-import/
node-acorn-jsx/
node-acorn-object-spread/
node-active-x-obfuscator/
node-addon-api/
node-address/
node-addressparser/
node-after/
node-agent-base/
node-ain2/
node-ajv/
node-ajv-keywords/
node-amdefine/
node-ampproject-remapping/
node-ansi/
node-ansi-align/
node-ansi-color-table/
node-ansi-colors/
node-ansi-escapes/
node-ansi-font/
node-ansi-regex/
node-ansi-styles/
node-ansi-up/
node-ansistyles/
node-any-promise/
node-anymatch/
node-ap/
node-applause/
node-aproba/
node-archy/
node-are-we-there-yet/
node-arg/
node-argparse/
node-argv/
node-arr-diff/
node-arr-exclude/
node-arr-flatten/
node-arr-union/
node-array-differ/
node-array-equal/
node-array-find-index/
node-array-flatten/
node-array-from/
node-array-parallel/
node-array-series/
node-array-union/
node-array-uniq/
node-array-unique/
node-arrify/
node-asap/
node-asn1/
node-asn1.js/
node-assert/
node-assert-plus/
node-assertion-error/
node-assertive/
node-assume/
node-ast-types/
node-ast-util/
node-astw/
node-async/
node-async-each/
node-async-limiter/
node-async-stacktrace/
node-asynckit/
node-atomico-rollup-plugin-sizes/
node-auto-bind/
node-autolinker/
node-autoprefixer/
node-ava/
node-aws-sign2/
node-aws4/
node-axios/
node-babel/
node-babel-eslint/
node-babel-loader/
node-babel-plugin-add-module-exports/
node-babel-plugin-array-includes/
node-babel-plugin-lodash/
node-babel-plugin-precompile-charcodes/
node-babel-plugin-transform-async-to-bluebird/
node-babel-plugin-transform-builtin-extend/
node-babel-plugin-transform-decorators-legacy/
node-babel-plugin-transform-define/
node-babel-plugin-transform-vue-jsx/
node-babel-polyfills/
node-babel-preset-airbnb/
node-babel-preset-env/
node-babel-preset-es2015-loose/
node-babel-preset-es3/
node-babel-preset-flow-vue/
node-babel7/
node-babylon/
node-backoff/
node-balanced-match/
node-base/
node-base16/
node-base62/
node-base64-js/
node-base64id/
node-base64url/
node-bash/
node-bash-color/
node-bash-match/
node-basic-auth/
node-basic-auth-parser/
node-batch/
node-bcrypt-pbkdf/
node-beeper/
node-benchmark/
node-big-integer/
node-big.js/
node-binary-extensions/
node-bindings/
node-bl/
node-blacklist/
node-blob/
node-block-stream/
node-bluebird/
node-blueimp-md5/
node-blueprintjs-colors/
node-bn.js/
node-body-parser/
node-bones/
node-boolbase/
node-boom/
node-bootstrap-sass/
node-bootstrap-switch/
node-bootstrap-tour/
node-bowser/
node-boxen/
node-brace-expansion/
node-braces/
node-brfs/
node-brorand/
node-brotli-size/
node-browser-pack/
node-browser-resolve/
node-browser-stdout/
node-browser-unpack/
node-browserify/
node-browserify-aes/
node-browserify-cipher/
node-browserify-des/
node-browserify-lite/
node-browserify-rsa/
node-browserify-sign/
node-browserify-zlib/
node-browserslist/
node-buble/
node-buf-compare/
node-buffer/
node-buffer-crc32/
node-buffer-equal/
node-buffer-shims/
node-buffer-xor/
node-bufferjs/
node-bufferlist/
node-buffers/
node-builtin-modules/
node-builtin-status-codes/
node-builtins/
node-bunyan/
node-busboy/
node-bytes/
node-cacache/
node-cache-base/
node-cache-loader/
node-cached-path-relative/
node-call-limit/
node-callback-stream/
node-caller/
node-camelcase/
node-camelcase-keys/
node-caniuse-api/
node-caniuse-db/
node-caniuse-lite/
node-canvas-confetti/
node-capture-stream/
node-carto/
node-caseless/
node-catty/
node-cbor/
node-chai/
node-chai-as-promised/
node-chainsaw/
node-chalk/
node-chance/
node-change-case/
node-channels/
node-character-parser/
node-charm/
node-chart.js/
node-check-error/
node-cheerio/
node-chokidar/
node-chownr/
node-chroma-js/
node-chrome-trace-event/
node-chrono/
node-ci-info/
node-cipher-base/
node-cjs-module-lexer/
node-cjson/
node-clarinet/
node-class-utils/
node-classnames/
node-clean-css/
node-clean-yaml-object/
node-cli/
node-cli-boxes/
node-cli-cursor/
node-cli-spinners/
node-cli-table/
node-cli-truncate/
node-cli-width/
node-client-sessions/
node-clipboard/
node-cliui/
node-clone/
node-clone-buffer/
node-clone-deep/
node-clone-stats/
node-cloneable-readable/
node-co/
node-coa/
node-code/
node-codemirror-state/
node-coffee-loader/
node-coffeeify/
node-collection-visit/
node-color/
node-color-convert/
node-color-name/
node-color-string/
node-colormin/
node-colorspace/
node-columnify/
node-combine-source-map/
node-combined-stream/
node-command-join/
node-commander/
node-commist/
node-commondir/
node-compare-versions/
node-component-consoler/
node-component-emitter/
node-compressible/
node-compression/
node-compression-webpack-plugin/
node-concat-map/
node-concat-stream/
node-concat-with-sourcemaps/
node-concordance/
node-config/
node-config-chain/
node-configstore/
node-configurable-http-proxy/
node-connect/
node-connect-timeout/
node-console-browserify/
node-console-control-strings/
node-console-group/
node-consolidate/
node-constantinople/
node-constants-browserify/
node-content-disposition/
node-content-type/
node-contextify/
node-convert-source-map/
node-cookie/
node-cookie-jar/
node-cookie-parser/
node-cookie-signature/
node-cookiejar/
node-cookies/
node-copy-concurrently/
node-copy-descriptor/
node-copy-paste/
node-copy-webpack-plugin/
node-core-js/
node-core-util-is/
node-cors/
node-cosmiconfig/
node-coveralls/
node-cpr/
node-crc/
node-crc32/
node-create-ecdh/
node-create-hash/
node-create-hmac/
node-create-react-class/
node-create-require/
node-cron-validator/
node-cronstrue/
node-cross-fetch/
node-cross-spawn/
node-cross-spawn-async/
node-cryptiles/
node-crypto-browserify/
node-crypto-cacerts/
node-crypto-random-string/
node-cson-parser/
node-css/
node-css-color-names/
node-css-loader/
node-css-parse/
node-css-select/
node-css-selector-tokenizer/
node-css-tree/
node-css-vendor/
node-css-what/
node-cssom/
node-cssstyle/
node-csstype/
node-csv-spectrum/
node-cuint/
node-currently-unhandled/
node-cycle/
node-cyclist/
node-d/
node-d3/
node-d3-array/
node-d3-axis/
node-d3-brush/
node-d3-chord/
node-d3-collection/
node-d3-color/
node-d3-contour/
node-d3-dispatch/
node-d3-drag/
node-d3-dsv/
node-d3-ease/
node-d3-fetch/
node-d3-force/
node-d3-geo/
node-d3-hierarchy/
node-d3-interpolate/
node-d3-path/
node-d3-polygon/
node-d3-quadtree/
node-d3-queue/
node-d3-random/
node-d3-request/
node-d3-scale/
node-d3-scale-chromatic/
node-d3-selection/
node-d3-shape/
node-d3-time/
node-d3-time-format/
node-d3-timer/
node-d3-transition/
node-d3-voronoi/
node-d3-zoom/
node-dabh-diagnostics/
node-daemon/
node-dagre-d3-renderer/
node-dagre-layout/
node-dargs/
node-dashdash/
node-data-uri-to-buffer/
node-databank/
node-date-now/
node-date-time/
node-dateformat/
node-de-indent/
node-death/
node-debbundle-es-to-primitive/
node-debbundle-insert-module-globals/
node-debug/
node-debug-fabulous/
node-decamelize/
node-decompress-response/
node-deep-eql/
node-deep-equal/
node-deep-extend/
node-deep-for-each/
node-deep-is/
node-deepmerge/
node-defaults/
node-define-lazy-prop/
node-define-properties/
node-define-property/
node-defined/
node-deflate-js/
node-del/
node-delayed-stream/
node-delegates/
node-delve/
node-depd/
node-deprecated/
node-deps-sort/
node-dequeue/
node-des.js/
node-detect-file/
node-detect-indent/
node-detect-newline/
node-detective/
node-devtools-protocol/
node-diacritics/
node-diff/
node-diffie-hellman/
node-difflet/
node-doctrine/
node-dom-helpers/
node-dom-serializer/
node-dom4/
node-domain-browser/
node-domelementtype/
node-domhandler/
node-domino/
node-dommatrix/
node-dompurify/
node-domutils/
node-dot/
node-dot-prop/
node-dottie/
node-dryice/
node-dtrace-provider/
node-duplexer/
node-duplexer2/
node-duplexer3/
node-duplexify/
node-duration/
node-ebnf-parser/
node-ecc-jsbn/
node-editor/
node-ejs/
node-electron-to-chromium/
node-elliptic/
node-emittery/
node-emoji/
node-emojis-list/
node-enabled/
node-encodeurl/
node-encoding/
node-end-of-stream/
node-enhanced-resolve/
node-enquirer/
node-entities/
node-err-code/
node-errno/
node-error-ex/
node-errorhandler/
node-errs/
node-es-abstract/
node-es-module-lexer/
node-es5-ext/
node-es5-shim/
node-es6-error/
node-es6-iterator/
node-es6-map/
node-es6-module-transpiler/
node-es6-promise/
node-es6-set/
node-es6-shim/
node-es6-symbol/
node-es6-weak-map/
node-escape-html/
node-escape-string-regexp/
node-escodegen/
node-escope/
node-eslint-plugin-es/
node-eslint-plugin-eslint-plugin/
node-eslint-plugin-flowtype/
node-eslint-plugin-html/
node-eslint-plugin-node/
node-eslint-plugin-requirejs/
node-eslint-scope/
node-eslint-utils/
node-eslint-visitor-keys/
node-espree/
node-esprima/
node-esprima-fb/
node-esquery/
node-esrecurse/
node-estraverse/
node-estree-walker/
node-esutils/
node-etag/
node-event-emitter/
node-eventemitter2/
node-eventemitter3/
node-events/
node-eventsource/
node-everything.js/
node-evp-bytestokey/
node-execa/
node-exit/
node-exit-hook/
node-expand-brackets/
node-expand-tilde/
node-expat/
node-expect.js/
node-exports-loader/
node-express/
node-express-generator/
node-extend/
node-extend-shallow/
node-external-editor/
node-extglob/
node-extract-text-webpack-plugin/
node-extract-zip/
node-extsprintf/
node-falafel/
node-fancy-log/
node-fast-deep-equal/
node-fast-levenshtein/
node-fast-safe-stringify/
node-fastcgi/
node-fastcgi-stream/
node-faye-websocket/
node-fbjs/
node-fd-slicer/
node-fecha/
node-fetch/
node-file-entry-cache/
node-file-loader/
node-file-sync-cmp/
node-file-uri-to-path/
node-filename-regex/
node-filesize/
node-fill-range/
node-finalhandler/
node-find-cache-dir/
node-find-up/
node-findit2/
node-findup-sync/
node-fined/
node-first-chunk-stream/
node-flagged-respawn/
node-flatted/
node-flow-remove-types/
node-flush-write-stream/
node-fn-name/
node-fn.name/
node-follow-redirects/
node-for-in/
node-for-own/
node-foreground-child/
node-forever-agent/
node-form-data/
node-formatio/
node-formidable/
node-fortawesome-fontawesome-free/
node-fragment-cache/
node-free-style/
node-fresh/
node-from2/
node-fs-exists-sync/
node-fs-extra/
node-fs-readdir-recursive/
node-fs-vacuum/
node-fs-write-stream-atomic/
node-fs.realpath/
node-fstream/
node-fstream-ignore/
node-function-bind/
node-functional-red-black-tree/
node-functional.js/
node-fuzzaldrin-plus/
node-gauge/
node-generator-supported/
node-generic-pool/
node-genfun/
node-get/
node-get-caller-file/
node-get-func-name/
node-get-stdin/
node-get-stream/
node-get-value/
node-getobject/
node-getpass/
node-gettext-parser/
node-github-url-from-git/
node-gitlab-favicon-overlay/
node-glob/
node-glob-base/
node-glob-parent/
node-glob-stream/
node-global-modules/
node-global-prefix/
node-globals/
node-globby/
node-globule/
node-glogg/
node-googlediff/
node-got/
node-graceful-fs/
node-graceful-readlink/
node-graphlibrary/
node-graphql/
node-groove/
node-growl/
node-grunt-babel/
node-grunt-cli/
node-grunt-contrib-clean/
node-grunt-contrib-coffee/
node-grunt-contrib-concat/
node-grunt-contrib-copy/
node-grunt-contrib-internal/
node-grunt-contrib-nodeunit/
node-grunt-contrib-requirejs/
node-grunt-contrib-uglify/
node-grunt-known-options/
node-grunt-legacy-log/
node-grunt-legacy-log-utils/
node-grunt-legacy-util/
node-grunt-replace/
node-grunt-sass/
node-grunt-timer/
node-grunt-webpack/
node-gulp/
node-gulp-babel/
node-gulp-changed/
node-gulp-coffee/
node-gulp-concat/
node-gulp-flatten/
node-gulp-load-plugins/
node-gulp-mocha/
node-gulp-newer/
node-gulp-plumber/
node-gulp-postcss/
node-gulp-rename/
node-gulp-sass/
node-gulp-sourcemaps/
node-gulp-tap/
node-gulp-tsb/
node-gulp-util/
node-gulplog/
node-gyp/
node-gyp-build/
node-gzip-size/
node-handlebars/
node-har-schema/
node-har-validator/
node-has-ansi/
node-has-binary/
node-has-cors/
node-has-flag/
node-has-gulplog/
node-has-symbol-support-x/
node-has-to-string-tag-x/
node-has-unicode/
node-has-value/
node-has-values/
node-has-yarn/
node-hash-base/
node-hash-sum/
node-hash-test-vectors/
node-hash.js/
node-hashish/
node-hawk/
node-he/
node-headjs/
node-help-me/
node-hmac-drbg/
node-hoek/
node-hook-std/
node-hooker/
node-hosted-git-info/
node-hsluv/
node-html-comment-regex/
node-html5shiv/
node-htmlescape/
node-htmlparser/
node-htmlparser2/
node-http-errors/
node-http-proxy/
node-http-server/
node-http-signature/
node-https-browserify/
node-https-proxy-agent/
node-husl/
node-i18next/
node-i18next-browser-languagedetector/
node-i18next-http-backend/
node-i18next-xhr-backend/
node-iconv/
node-iconv-lite/
node-icss-replace-symbols/
node-icss-utils/
node-ieee754/
node-iferr/
node-ignore/
node-ignore-by-default/
node-imagemagick/
node-immediate/
node-immutable/
node-immutable-tuple/
node-import-lazy/
node-imports-loader/
node-imurmurhash/
node-indent-string/
node-inflected/
node-inflection/
node-inflight/
node-inherits/
node-ini/
node-inline-source-map/
node-inquirer/
node-interpret/
node-invariant/
node-invert-kv/
node-ip/
node-ip-address/
node-ip-regex/
node-ipaddr.js/
node-irregular-plurals/
node-is-accessor-descriptor/
node-is-arrayish/
node-is-binary-path/
node-is-buffer/
node-is-builtin-module/
node-is-data-descriptor/
node-is-descriptor/
node-is-directory/
node-is-docker/
node-is-dotfile/
node-is-equal-shallow/
node-is-extendable/
node-is-extglob/
node-is-finite/
node-is-generator-fn/
node-is-glob/
node-is-module/
node-is-negated-glob/
node-is-node/
node-is-npm/
node-is-number/
node-is-obj/
node-is-object/
node-is-path-cwd/
node-is-path-in-cwd/
node-is-path-inside/
node-is-plain-obj/
node-is-plain-object/
node-is-primitive/
node-is-promise/
node-is-redirect/
node-is-reference/
node-is-retry-allowed/
node-is-stream/
node-is-typedarray/
node-is-unc-path/
node-is-valid-glob/
node-is-windows/
node-is-wsl/
node-isarray/
node-iscroll/
node-isexe/
node-isobject/
node-isomorphic-fetch/
node-isomorphic.js/
node-isstream/
node-istanbul/
node-istextorbinary/
node-isurl/
node-jade/
node-jake/
node-jasmine/
node-jed/
node-jest/
node-jison/
node-jison-lex/
node-jju/
node-jmespath/
node-jose/
node-jquery/
node-jquery-mousewheel/
node-jquery-textcomplete/
node-jquery-ujs/
node-jquery.waitforimages/
node-js-beautify/
node-js-cookie/
node-js-sdsl/
node-js-tokens/
node-js-yaml/
node-jsbn/
node-jschardet/
node-jsconfig/
node-jsdom/
node-jsesc/
node-json-buffer/
node-json-loader/
node-json-localizer/
node-json-parse-better-errors/
node-json-parse-helpfulerror/
node-json-schema/
node-json-schema-merge-allof/
node-json-schema-traverse/
node-json-stable-stringify/
node-json-stringify-safe/
node-json2module/
node-json3/
node-json5/
node-jsonfile/
node-jsonify/
node-jsonld/
node-jsonminify/
node-jsonparse/
node-jsonselect/
node-jsonstream/
node-jsprim/
node-jsv/
node-jszip/
node-jszip-utils/
node-juggle-resize-observer/
node-katex/
node-keese/
node-kew/
node-keygrip/
node-keypress/
node-kind-of/
node-klaw/
node-knockout/
node-knockout-sortable/
node-knockout-transformations/
node-kuler/
node-labeled-stream-splicer/
node-lastfm/
node-latest-version/
node-lazy-cache/
node-lazy-debug-legacy/
node-lazy-property/
node-lazystream/
node-lcid/
node-lcov-parse/
node-ldapjs/
node-leaflet-formbuilder/
node-leaflet-hash/
node-leche/
node-less-loader/
node-less-plugin-clean-css/
node-leveldown/
node-leven/
node-levn/
node-lex-parser/
node-lexical-scope/
node-lib0/
node-libnpx/
node-libpq/
node-libravatar/
node-libs-browser/
node-license-webpack-plugin/
node-lie/
node-liftoff/
node-lightgallery/
node-livescript/
node-load-grunt-tasks/
node-load-json-file/
node-loader-runner/
node-loader-utils/
node-locate-character/
node-locate-path/
node-lockfile/
node-lodash/
node-lodash-compat/
node-lodash-packages/
node-lodash-reescape/
node-lodash-reevaluate/
node-log-driver/
node-log4js/
node-logform/
node-lolex/
node-loose-envify/
node-loud-rejection/
node-lowercase-keys/
node-lru-cache/
node-lunr/
node-lynx/
node-macaddress/
node-magic-string/
node-make-dir/
node-make-error/
node-map-cache/
node-map-obj/
node-map-visit/
node-mapnik/
node-markdown-it/
node-markdown-it-html5-embed/
node-markdown-to-jsx/
node-marked/
node-marked-man/
node-match-at/
node-matcher/
node-matrix-js-sdk/
node-mbtiles/
node-md5-hex/
node-md5-o-matic/
node-md5.js/
node-mdn-browser-compat-data/
node-mdn-data/
node-media-typer/
node-mem/
node-memfs/
node-memory-fs/
node-meow/
node-merge/
node-merge-descriptors/
node-merge-stream/
node-mermaid/
node-mersenne/
node-mess/
node-methods/
node-micromatch/
node-miller-rabin/
node-millstone/
node-mime/
node-mime-types/
node-mimic-fn/
node-mimic-response/
node-min-document/
node-mini-css-extract-plugin/
node-minimalistic-crypto-utils/
node-minimatch/
node-minimist/
node-minipass/
node-miragejs/
node-mississippi/
node-mixin-deep/
node-mj-context-menu/
node-mkdirp/
node-mkdirp-classic/
node-mocha/
node-mocha-lcov-reporter/
node-mock-fs/
node-mocks-http/
node-modern-syslog/
node-modify-babel-preset/
node-module-deps/
node-moment/
node-mongodb/
node-monocle/
node-morgan/
node-mousetrap/
node-move-concurrently/
node-mqtt/
node-mqtt-connection/
node-mqtt-packet/
node-ms/
node-multimatch/
node-multiparty/
node-multipipe/
node-music-library-index/
node-mutate-fs/
node-mute-stream/
node-mysql/
node-mysticatea-eslint-plugin/
node-mz/
node-n3/
node-nan/
node-natural-sort/
node-ncp/
node-negotiator/
node-neo-async/
node-netmask/
node-nock/
node-node-dir/
node-node-forge/
node-node-localstorage/
node-node-markdown/
node-node-redis/
node-node-rest-client/
node-node-rsa/
node-node-sass/
node-nodedbi/
node-nodemailer/
node-nodeunit/
node-nomnom/
node-nopt/
node-normalize-git-url/
node-normalize-package-data/
node-normalize-path/
node-normalize-range/
node-normalize.css/
node-nouislider/
node-npm-bundled/
node-npm-package-arg/
node-npm-run-path/
node-npmlog/
node-npmrc/
node-nth-check/
node-number-allocator/
node-number-is-nan/
node-nunjucks/
node-nwmatcher/
node-oauth/
node-oauth-1.0a/
node-oauth-sign/
node-obj-util/
node-object-assign/
node-object-assign-sorted/
node-object-copy/
node-object-inspect/
node-object-key/
node-object-path/
node-object-visit/
node-object.omit/
node-on-finished/
node-on-headers/
node-once/
node-one-time/
node-open/
node-opencv/
node-opener/
node-openid/
node-openpgp-asmcrypto.js/
node-openpgp-seek-bzip/
node-opentip/
node-optimist/
node-optionator/
node-orchestrator/
node-ordered-read-streams/
node-original/
node-os-browserify/
node-os-locale/
node-os-tmpdir/
node-osenv/
node-output-file-sync/
node-p-cancelable/
node-p-finally/
node-p-is-promise/
node-p-limit/
node-p-locate/
node-p-map/
node-p-timeout/
node-package/
node-package-json/
node-package-preamble/
node-pad/
node-pako/
node-parallel-transform/
node-parents/
node-parse-asn1/
node-parse-base64vlq-mappings/
node-parse-filepath/
node-parse-glob/
node-parse-json/
node-parse-ms/
node-parse-srcset/
node-parse5/
node-parseurl/
node-pascalcase/
node-path-browserify/
node-path-dirname/
node-path-exists/
node-path-is-absolute/
node-path-is-inside/
node-path-root/
node-path-root-regex/
node-path-to-regexp/
node-path-type/
node-pathval/
node-pause/
node-pbkdf2/
node-peek-readable/
node-pend/
node-performance-now/
node-pg-hstore/
node-picocolors/
node-pify/
node-pikaday/
node-pinkie/
node-pinkie-promise/
node-pinkyswear/
node-pkg-dir/
node-pkg-up/
node-platform/
node-plugin-error/
node-plur/
node-po2json/
node-policyfile/
node-popper2/
node-posix-character-classes/
node-posix-getopt/
node-postcss/
node-postcss-cli/
node-postcss-colormin/
node-postcss-convert-values/
node-postcss-discard-comments/
node-postcss-filter-plugins/
node-postcss-load-config/
node-postcss-load-options/
node-postcss-load-plugins/
node-postcss-loader/
node-postcss-minify-font-values/
node-postcss-modules/
node-postcss-modules-extract-imports/
node-postcss-modules-values/
node-postcss-preset-evergreen/
node-postcss-reporter/
node-postcss-value-parser/
node-postgres/
node-pre-gyp/
node-preact/
node-prelude-ls/
node-prepend-http/
node-preserve/
node-pretty-bytes/
node-pretty-hrtime/
node-pretty-ms/
node-prismjs/
node-private/
node-process/
node-process-nextick-args/
node-progress/
node-promise/
node-promise-inflight/
node-promise-retry/
node-prompts/
node-promzard/
node-prop-types/
node-propagate/
node-proper-lockfile/
node-propget/
node-prosemirror-markdown/
node-prosemirror-model/
node-prosemirror-schema-basic/
node-prosemirror-schema-list/
node-prosemirror-state/
node-prosemirror-test-builder/
node-prosemirror-transform/
node-prosemirror-view/
node-proto-list/
node-proxy/
node-proxy-addr/
node-proxy-from-env/
node-proxyquire/
node-prr/
node-pruddy-error/
node-pseudomap/
node-pseudorandombytes/
node-public-encrypt/
node-puka/
node-pump/
node-pumpify/
node-punycode/
node-puppeteer/
node-q/
node-qrcode-generator/
node-qs/
node-querystring/
node-querystring-es3/
node-querystringify/
node-quick-lru/
node-quickselect/
node-quote-stream/
node-qw/
node-rai/
node-ramda/
node-random-bytes/
node-randombytes/
node-randomfill/
node-range-parser/
node-raptor/
node-raven-js/
node-raw-body/
node-raw-loader/
node-rbush/
node-rc/
node-rdf-canonize/
node-re2/
node-react/
node-react-audio-player/
node-react-fast-compare/
node-react-highlighter/
node-react-hot-loader/
node-react-lifecycles-compat/
node-react-paginate/
node-react-popper/
node-react-redux/
node-react-toastify/
node-react-transition-group/
node-read/
node-read-file/
node-read-only-stream/
node-read-package-json/
node-read-pkg/
node-read-pkg-up/
node-readable-stream/
node-readdirp/
node-recast/
node-rechoir/
node-redent/
node-redis/
node-redux/
node-regenerate/
node-regenerate-unicode-properties/
node-regenerator/
node-regenerator-runtime/
node-regenerator-transform/
node-regex-cache/
node-regex-not/
node-regexp-match-indices/
node-regexpp/
node-regexpu-core/
node-registry-auth-token/
node-registry-url/
node-regjsgen/
node-regjsparser/
node-reinterval/
node-remark-slide/
node-remove-trailing-separator/
node-repeat-element/
node-repeat-string/
node-repeating/
node-replace-ext/
node-request/
node-request-capture-har/
node-request-promise/
node-request-promise-core/
node-require-all/
node-require-dir/
node-require-directory/
node-require-from-string/
node-require-inject/
node-require-main-filename/
node-require-relative/
node-requires-port/
node-reserved/
node-resize-observer-polyfill/
node-resolve/
node-resolve-cwd/
node-resolve-dir/
node-resolve-from/
node-resolve-pkg/
node-response-time/
node-restore-cursor/
node-resumer/
node-retape/
node-retry/
node-rewire/
node-rimraf/
node-ripemd160/
node-rjsf/
node-roadrunner/
node-rollup/
node-rollup-plugin-alias/
node-rollup-plugin-babel/
node-rollup-plugin-buble/
node-rollup-plugin-commonjs/
node-rollup-plugin-inject/
node-rollup-plugin-json/
node-rollup-plugin-node-polyfills/
node-rollup-plugin-node-resolve/
node-rollup-plugin-replace/
node-rollup-plugin-sass/
node-rollup-plugin-sourcemaps/
node-rollup-plugin-string/
node-rollup-plugin-strip/
node-rollup-plugin-terser/
node-rollup-plugin-typescript/
node-rollup-plugin-typescript2/
node-rollup-plugin-uglify/
node-rollup-pluginutils/
node-route-recognizer/
node-run-async/
node-run-queue/
node-run-sequence/
node-rw/
node-rx/
node-safe-buffer/
node-samsam/
node-sane/
node-sanitize-html/
node-schema-utils/
node-schlock/
node-sdp-jingle-json/
node-sdp-transform/
node-security/
node-seedrandom/
node-sellside-emitter/
node-semver/
node-semver-diff/
node-send/
node-seq/
node-sequencify/
node-serialize-javascript/
node-serve-favicon/
node-serve-index/
node-serve-static/
node-set-blocking/
node-set-getter/
node-set-immediate-shim/
node-set-value/
node-setimmediate/
node-setprototypeof/
node-sha/
node-sha.js/
node-shallow-equal/
node-shasum/
node-shebang-command/
node-shebang-regex/
node-shell-quote/
node-shelljs/
node-shiny-server/
node-shiny-server-client/
node-should-sinon/
node-sigmund/
node-signal-exit/
node-simple-fmt/
node-simple-is/
node-simple-string-table/
node-simple-swizzle/
node-simplesmtp/
node-sinclair-typebox/
node-single-line-log/
node-sink-test/
node-sinon/
node-sinon-chai/
node-slash/
node-slice-ansi/
node-slide/
node-smart-buffer/
node-snapdragon/
node-snapdragon-node/
node-snapdragon-token/
node-snapdragon-util/
node-sntp/
node-socket.io-parser/
node-sockjs/
node-sockjs-client/
node-socks/
node-solid-keychain/
node-solid-rest/
node-sort-keys/
node-sorted-object/
node-source-list-map/
node-source-map/
node-source-map-resolve/
node-source-map-support/
node-sourcemap-codec/
node-sparkles/
node-spdx-correct/
node-spdx-exceptions/
node-spdx-expression-parse/
node-spdx-license-ids/
node-sphericalmercator/
node-split/
node-split-string/
node-split2/
node-sprintf-js/
node-sqlite3/
node-srs/
node-sshpk/
node-ssri/
node-stable/
node-stack-trace/
node-stack-utils/
node-starttls/
node-static/
node-static-eval/
node-static-extend/
node-static-module/
node-stats-webpack-plugin/
node-statsd-parser/
node-statuses/
node-std-mocks/
node-stealthy-require/
node-stream-array/
node-stream-assert/
node-stream-browserify/
node-stream-combiner2/
node-stream-consume/
node-stream-each/
node-stream-http/
node-stream-iterate/
node-stream-shift/
node-stream-splicer/
node-stream-to-observable/
node-streamtest/
node-strftime/
node-strict-uri-encode/
node-string-decoder/
node-string-width/
node-string.prototype.codepointat/
node-stringmap/
node-stringprep/
node-stringset/
node-stringstream/
node-strip-ansi/
node-strip-bom/
node-strip-bom-stream/
node-strip-eof/
node-strip-indent/
node-strip-json-comments/
node-style-loader/
node-stylus/
node-subarg/
node-superagent/
node-supertest/
node-supports-color/
node-svg2ttf/
node-symbol-observable/
node-syntax-error/
node-tacks/
node-tad/
node-tap/
node-tap-mocha-reporter/
node-tap-parser/
node-tapable/
node-tape/
node-tar/
node-tar-fs/
node-tar-pack/
node-tar-stream/
node-telegram-bot-api/
node-temp/
node-temporary/
node-term-size/
node-terser/
node-test/
node-text-encoding/
node-text-hex/
node-text-table/
node-thenby/
node-thenify/
node-thenify-all/
node-three-orbit-controls/
node-three-stl-loader/
node-throttleit/
node-through/
node-through2/
node-through2-filter/
node-tildify/
node-tilejson/
node-tilelive/
node-tilelive-bridge/
node-tilelive-mapnik/
node-tilelive-vector/
node-time-stamp/
node-time-zone/
node-timeago.js/
node-timed-out/
node-timers-browserify/
node-tinycolor/
node-tippex/
node-tmatch/
node-tmp/
node-to-absolute-glob/
node-to-arraybuffer/
node-to-fast-properties/
node-to-object-path/
node-to-regex/
node-to-regex-range/
node-toidentifier/
node-token-types/
node-topcube/
node-tough-cookie/
node-transformers/
node-traverse/
node-trim-newlines/
node-triple-beam/
node-trust-json-document/
node-trust-keyto/
node-trust-webcrypto/
node-trysound-sax/
node-ts-jest/
node-ts-loader/
node-tslib/
node-tty-browserify/
node-tunein/
node-tunnel-agent/
node-turbolinks/
node-turndown/
node-tweetnacl/
node-typanion/
node-type-check/
node-type-detect/
node-type-is/
node-typedarray/
node-typedarray-to-buffer/
node-typescript/
node-typestyle/
node-ua-parser-js/
node-uglify-save-license/
node-uglifyjs-webpack-plugin/
node-uid-number/
node-uid-safe/
node-ultron/
node-umd/
node-unbzip2-stream/
node-unc-path-regex/
node-undici/
node-unicode-canonical-property-names-ecmascript/
node-unicode-data/
node-unicode-loose-match/
node-unicode-match-property-ecmascript/
node-unicode-match-property-value-ecmascript/
node-unicode-property-aliases/
node-unicode-property-aliases-ecmascript/
node-unicode-property-value-aliases/
node-unicode-property-value-aliases-ecmascript/
node-unicode-tr51/
node-union-value/
node-uniq/
node-uniqid/
node-uniqs/
node-unique-filename/
node-unique-stream/
node-unique-string/
node-universalify/
node-unpipe/
node-unset-value/
node-uri-js/
node-uri-path/
node-url/
node-url-join/
node-url-loader/
node-url-parse/
node-url-parse-lax/
node-url-to-options/
node-urlgrey/
node-use/
node-util/
node-util-deprecate/
node-utilities/
node-utils-merge/
node-utml/
node-uuid/
node-uvu/
node-v8-compile-cache/
node-v8flags/
node-vali-date/
node-validate-npm-package-license/
node-validate-npm-package-name/
node-vary/
node-vasync/
node-verror/
node-vhost/
node-vinyl/
node-vinyl-fs/
node-vinyl-sourcemaps-apply/
node-vlq/
node-vm-browserify/
node-vscode-debugprotocol/
node-vscode-lsp/
node-vue-hot-reload-api/
node-vue-resource/
node-vue-style-loader/
node-vue-template-compiler/
node-w3c-keyname/
node-warning/
node-watchpack/
node-wcwidth.js/
node-webassemblyjs/
node-webfinger/
node-webfont/
node-webpack/
node-webpack-env/
node-webpack-merge/
node-webpack-sources/
node-webpack-stats-plugin/
node-websocket/
node-websocket-driver/
node-websocket-stream/
node-whatwg-fetch/
node-when/
node-which/
node-which-module/
node-wide-align/
node-widest-line/
node-wikibase-cli/
node-wikibase-edit/
node-wikibase-sdk/
node-wikidata-lang/
node-wildemitter/
node-window-size/
node-winston/
node-winston-compat/
node-winston-transport/
node-with/
node-wordwrap/
node-worker-loader/
node-wrap-ansi/
node-wrappy/
node-wrench/
node-write-file-atomic/
node-write-file-promise/
node-ws/
node-ws-iconv/
node-xdg-basedir/
node-xml2js/
node-xmldom/
node-xmlhttprequest/
node-xmlhttprequest-ssl/
node-xmpp/
node-xoauth2/
node-xtend/
node-xterm/
node-xxhashjs/
node-y-codemirror/
node-y-protocols/
node-y-websocket/
node-y18n/
node-yajsml/
node-yallist/
node-yaml/
node-yamlish/
node-yargs/
node-yargs-parser/
node-yarn-tool-resolve-package/
node-yarnpkg/
node-yauzl/
node-yawl/
node-yazl/
node-yjs/
node-yn/
node-ytdl-core/
node-zen-observable/
node-zipfile/
node-zkochan-cmd-shim/
node-zlib/
node-zrender/
node-zx/
nodebox-web/
nodeenv/
nodejs/
nodejs-mozilla/
nodm/
noggit/
nohang/
noiz2sa/
nomacs/
nomad/
nomad-driver-lxc/
nomad-driver-podman/
nomarch/
nomnom/
nootka/
nordlicht/
nordugrid-arc/
nordugrid-arc-doc/
nordugrid-arc-gangliarc/
nordugrid-arc-nagios-plugins/
norm/
normality/
normaliz/
normalize-audio/
norsnet/
norsp/
norwegian/
nose/
nose-cov/
nose-el/
nose-json/
nose2/
nose2-cov/
nosexcover/
not-yet-commons-ssl/
notary/
notcurses/
note/
notebook/
notepadqq/
notes-app/
notification-daemon/
notify-osd/
notify-osd-icons/
notify-python/
notify-sharp/
notify-sharp-3.0/
notmuch/
notmuch-addrlookup/
nototools/
notus-scanner/
nouveau-firmware/
nov-el/
nova/
nova-adminclient/
nova-lxd/
novena-eeprom/
novnc/
noweb/
npapi-sdk/
npapi-vlc/
npd6/
npgsql/
nplan/
npm/
npm2deb/
nproc/
npth/
nq/
nqc/
nqp/
nrefactory/
nrepl-clojure/
nrepl-incomplete-clojure/
nrg2iso/
nrn-iv/
nrn-mod2c/
nrpe-ng/
nrss/
ns2/
ns3/
nsca/
nsca-ng/
nsd/
nsf/
nsis/
nslint/
nsnake/
nsntrace/
nspr/
nss/
nss-mdns/
nss-pam-ldapd/
nss-passwords/
nss-pem/
nss-tls/
nss-updatedb/
nss-wrapper/
nsscache/
nstreams/
nsxiv/
nsync/
ntcard/
ntdb/
nted/
ntfs-config/
ntfs2btrfs/
nthash/
ntirpc/
ntl/
ntldd/
ntlmaps/
ntop/
ntopng/
ntp/
ntplib/
ntpsec/
ntpstat/
ntrack/
nuapplet/
nudoku/
nufw/
nuget/
nuitka/
nulib2/
nullboot/
nullidentd/
nullmailer/
num-utils/
numactl/
numad/
numatop/
numba/
numberstation/
numcodecs/
numdiff/
numericalchameleon/
numexpr/
numix-gtk-theme/
numix-icon-theme/
numix-icon-theme-circle/
numlockx/
numm/
numptyphysics/
numpy/
numpy-stl/
numpydoc/
nunit/
nuntium/
nuntius-linux/
nurpawiki/
nusoap/
nuspell/
nut/
nut-nutrition/
nutcracker/
nutsqlite/
nuttcp/
nux/
nuxwdog/
nv-codec-headers/
nvchecker/
nvclock/
nvi/
nvidia-graphics-drivers-384/
nvidia-texture-tools/
nvidia-vaapi-driver/
nvme-cli/
nvme-stas/
nvptx-tools/
nvram-wakeup/
nvramtool/
nvtv/
nwall/
nwchem/
nwdiag/
nwipe/
nwrite/
nwsclient/
nwsserver/
nx-libs/
nxcl/
nxcomp/
nxcompshad/
nxproxy/
nxt-firmware/
nxt-python/
nxtrim/
nyacc/
nyancat/
nyquist/
nyx/
nzb/
nzbget/
ncftp /ubuntu/pool/universe/n > cd ncftp
Directory successfully changed.
ncftp .../pool/universe/n/ncftp > ls
ncftp_3.2.5-1.1.diff.gz                ncftp_3.2.5-2.2.dsc
ncftp_3.2.5-1.1.dsc                    ncftp_3.2.5-2.2_amd64.deb
ncftp_3.2.5-1.1_amd64.deb              ncftp_3.2.5-2.debian.tar.xz
ncftp_3.2.5-1.1_i386.deb               ncftp_3.2.5-2.dsc
ncftp_3.2.5-1.1build1.diff.gz          ncftp_3.2.5-2_amd64.deb
ncftp_3.2.5-1.1build1.dsc              ncftp_3.2.5-2_i386.deb
ncftp_3.2.5-1.1build1_amd64.deb        ncftp_3.2.5.orig.tar.gz
ncftp_3.2.5-1.1build1_i386.deb         ncftp_3.2.6-1.debian.tar.xz
ncftp_3.2.5-2.1.debian.tar.xz          ncftp_3.2.6-1.dsc
ncftp_3.2.5-2.1.dsc                    ncftp_3.2.6-1_amd64.deb
ncftp_3.2.5-2.1_amd64.deb              ncftp_3.2.6.orig.tar.gz
ncftp_3.2.5-2.2.debian.tar.xz
ncftp .../pool/universe/n/ncftp > exit 
root@hanul-virtual-machine:~# cd /root/다운로드/
root@hanul-virtual-machine:~/다운로드# ls -l mc*
-rw-r--r-- 1 root root 540062  5월 16 11:13 mc_4.8.28-1_amd64.deb
root@hanul-virtual-machine:~/다운로드# dpkg -i mc_4.8.28-1_amd64.deb 
Selecting previously unselected package mc.
(데이터베이스 읽는중 ...현재 203211개의 파일과 디렉터리가 설치되어 있습니다.)
Preparing to unpack mc_4.8.28-1_amd64.deb ...
Unpacking mc (3:4.8.28-1) ...
dpkg: 종속성 문제로 mc의 구성이 차단되었습니다:
 mc 패키지는 다음 패키지에 의존: libssh2-1 (>= 1.2.8): 하지만:
  libssh2-1 패키지는 설치하지 않았습니다.
 mc 패키지는 다음 패키지에 의존: mc-data (= 3:4.8.28-1): 하지만:
  mc-data 패키지는 설치하지 않았습니다.

dpkg: error processing package mc (--install):
 의존성 문제 - 설정하지 않고 남겨둠
Processing triggers for mailcap (3.70+nmu1ubuntu1) ...
Processing triggers for gnome-menus (3.36.0-1ubuntu3) ...
Processing triggers for desktop-file-utils (0.26-1ubuntu3) ...
처리하는데 오류가 발생했습니다:
 mc
root@hanul-virtual-machine:~/다운로드# dpkg -r ncftp
(데이터베이스 읽는중 ...현재 203313개의 파일과 디렉터리가 설치되어 있습니다.)
ncftp (2:3.2.6-1)를 제거합니다...
Processing triggers for man-db (2.10.2-1) ...
root@hanul-virtual-machine:~/다운로드# cd
root@hanul-virtual-machine:~# dpkg -r ncftp
dpkg: 경고: 설치되어 있지 않은 ncftp를 제거하는 요청을 무시합니다
root@hanul-virtual-machine:~# cd 다운로드
root@hanul-virtual-machine:~/다운로드# cd /root/다운로드/
root@hanul-virtual-machine:~/다운로드# ls -l mc*
-rw-r--r-- 1 root root 540062  5월 16 11:13 mc_4.8.28-1_amd64.deb
root@hanul-virtual-machine:~/다운로드# dpkg -i mc_4.8.28-1_amd64.deb 
(데이터베이스 읽는중 ...현재 203293개의 파일과 디렉터리가 설치되어 있습니다.)
Preparing to unpack mc_4.8.28-1_amd64.deb ...
Unpacking mc (3:4.8.28-1) over (3:4.8.28-1) ...
dpkg: 종속성 문제로 mc의 구성이 차단되었습니다:
 mc 패키지는 다음 패키지에 의존: libssh2-1 (>= 1.2.8): 하지만:
  libssh2-1 패키지는 설치하지 않았습니다.
 mc 패키지는 다음 패키지에 의존: mc-data (= 3:4.8.28-1): 하지만:
  mc-data 패키지는 설치하지 않았습니다.

dpkg: error processing package mc (--install):
 의존성 문제 - 설정하지 않고 남겨둠
Processing triggers for mailcap (3.70+nmu1ubuntu1) ...
Processing triggers for gnome-menus (3.36.0-1ubuntu3) ...
Processing triggers for desktop-file-utils (0.26-1ubuntu3) ...
처리하는데 오류가 발생했습니다:
 mc
root@hanul-virtual-machine:~/다운로드# apt -i mc_4.8.28-1_amd64.deb 
E: Command line option 'i' [from -i] is not understood in combination with the other options.
root@hanul-virtual-machine:~/다운로드# apt-get mc_4.8.28-1_amd64.deb 
E: 잘못된 작업 mc_4.8.28-1_amd64.deb
root@hanul-virtual-machine:~/다운로드# apt-get -i mc_4.8.28-1_amd64.deb 
E: Command line option 'i' [from -i] is not understood in combination with the other options.
root@hanul-virtual-machine:~/다운로드# 
root@hanul-virtual-machine:~/다운로드# dpkg -l mc
희망상태=알수없음(U)/설치(I)/지우기(R)/깨끗이(P)/고정(H)
| 상태=아님(N)/설치(I)/설정(C)/풀림(U)/절반설정(F)/일부설치(H)/트리거대기(W)/
| /    트리거밀림(T)
|/ 오류?=(없음)/다시설치필요(R) (상태, 오류가 대문자=불량)
||/ 이름           버전         Architecture 설명
+++-==============-============-============-==================================>
iU  mc             3:4.8.28-1   amd64        Midnight Commander - a powerful fi>
...skipping...
희망상태=알수없음(U)/설치(I)/지우기(R)/깨끗이(P)/고정(H)
| 상태=아님(N)/설치(I)/설정(C)/풀림(U)/절반설정(F)/일부설치(H)/트리거대기(W)/
| /    트리거밀림(T)
|/ 오류?=(없음)/다시설치필요(R) (상태, 오류가 대문자=불량)
||/ 이름           버전         Architecture 설명
+++-==============-============-============-==================================>
iU  mc             3:4.8.28-1   amd64        Midnight Commander - a powerful fi>
~
~
~
~
~
~
~
~
~
~
~
~
~
~
~
~
lines 1-7/7 (END)
[1]+  멈춤                  dpkg -l mc
root@hanul-virtual-machine:~/다운로드# dpkg -r mc
(데이터베이스 읽는중 ...현재 203293개의 파일과 디렉터리가 설치되어 있습니다.)
mc (3:4.8.28-1)를 제거합니다...
Processing triggers for mailcap (3.70+nmu1ubuntu1) ...
Processing triggers for gnome-menus (3.36.0-1ubuntu3) ...
Processing triggers for desktop-file-utils (0.26-1ubuntu3) ...
root@hanul-virtual-machine:~/다운로드# 

